// Vitest Snapshot v1, https://vitest.dev/guide/snapshot.html

exports[`Loading Skeleton renders correctly 1`] = `
<div>
  <div
    class="max-w-sm animate-pulse"
    role="status"
  >
    <div
      class="mb-4 h-2.5 w-20 rounded-full bg-gray-200 dark:bg-gray-700"
    />
    <div
      class="mb-2.5 h-2 max-w-[193px] rounded-full bg-gray-200 dark:bg-gray-700"
    />
    <div
      class="mb-2.5 h-2 max-w-[160px] rounded-full bg-gray-200 dark:bg-gray-700"
    />
    <div
      class="mb-2.5 h-2 max-w-[193px] rounded-full bg-gray-200 dark:bg-gray-700"
    />
    <div
      class="mb-2.5 h-2 max-w-[160px] rounded-full bg-gray-200 dark:bg-gray-700"
    />
    <div
      class="mb-2.5 h-2 max-w-[193px] rounded-full bg-gray-200 dark:bg-gray-700"
    />
    <div
      class="mb-2.5 h-2 max-w-[160px] rounded-full bg-gray-200 dark:bg-gray-700"
    />
    <div
      class="mb-2.5 h-2 max-w-[193px] rounded-full bg-gray-200 dark:bg-gray-700"
    />
    <div
      class="mb-2.5 h-2 max-w-[160px] rounded-full bg-gray-200 dark:bg-gray-700"
    />
    <div
      class="mb-2.5 h-2 max-w-[193px] rounded-full bg-gray-200 dark:bg-gray-700"
    />
    <div
      class="mb-2.5 h-2 max-w-[160px] rounded-full bg-gray-200 dark:bg-gray-700"
    />
    <div
      class="mb-2.5 h-2 max-w-[193px] rounded-full bg-gray-200 dark:bg-gray-700"
    />
    <div
      class="mb-2.5 h-2 max-w-[160px] rounded-full bg-gray-200 dark:bg-gray-700"
    />
    <div
      class="mb-2.5 h-2 max-w-[193px] rounded-full bg-gray-200 dark:bg-gray-700"
    />
    <div
      class="mb-2.5 h-2 max-w-[160px] rounded-full bg-gray-200 dark:bg-gray-700"
    />
    <div
      class="mb-2.5 h-2 max-w-[193px] rounded-full bg-gray-200 dark:bg-gray-700"
    />
    <div
      class="mb-2.5 h-2 max-w-[160px] rounded-full bg-gray-200 dark:bg-gray-700"
    />
    <div
      class="mb-2.5 h-2 max-w-[193px] rounded-full bg-gray-200 dark:bg-gray-700"
    />
    <div
      class="mb-2.5 h-2 max-w-[160px] rounded-full bg-gray-200 dark:bg-gray-700"
    />
    <div
      class="mb-2.5 h-2 max-w-[193px] rounded-full bg-gray-200 dark:bg-gray-700"
    />
    <div
      class="mb-2.5 h-2 max-w-[160px] rounded-full bg-gray-200 dark:bg-gray-700"
    />
    <span
      class="sr-only"
    >
      Loading...
    </span>
  </div>
</div>
`;
